<wasm>
  <k>
    .
  </k>
  <valstack>
    .ValStack
  </valstack>
  <curFrame>
    <locals>
      .Map
    </locals>
    <curModIdx>
      .Int
    </curModIdx>
    <labelDepth>
      0
    </labelDepth>
    <labelIds>
      .Map
    </labelIds>
  </curFrame>
  <moduleRegistry>
    .Map
  </moduleRegistry>
  <moduleIds>
    .Map
  </moduleIds>
  <moduleInstances>
    .ModuleInstCellMap
  </moduleInstances>
  <nextModuleIdx>
    0
  </nextModuleIdx>
  <mainStore>
    <funcs>
      .FuncDefCellMap
    </funcs>
    <nextFuncAddr>
      0
    </nextFuncAddr>
    <tabs>
      .TabInstCellMap
    </tabs>
    <nextTabAddr>
      0
    </nextTabAddr>
    <mems>
      .MemInstCellMap
    </mems>
    <nextMemAddr>
      0
    </nextMemAddr>
    <globals>
      .GlobalInstCellMap
    </globals>
    <nextGlobAddr>
      0
    </nextGlobAddr>
  </mainStore>
  <deterministicMemoryGrowth>
    true
  </deterministicMemoryGrowth>
  <nextFreshId>
    0
  </nextFreshId>
</wasm >
