<generatedTop>
  <k>
    .
  </k>
  <deterministicMemoryGrowth>
    true
  </deterministicMemoryGrowth>
  <stack>
    .Stack
  </stack>
  <curFrame>
    <locals>
      .Map
    </locals>
    <moduleInst>
      <funcAddrs>
        .Map
      </funcAddrs>
      <globals>
        .Map
      </globals>
      <memAddrs>
        .Map
      </memAddrs>
      <globalAddrs>
        .Map
      </globalAddrs>
    </moduleInst>
  </curFrame>
  <mainStore>
    <funcs>
      .FuncDefCellMap
    </funcs>
    <nextMemAddr>
      0
    </nextMemAddr>
    <mems>
      .MemInstCellMap
    </mems>
    <globals>
      .GlobalInstCellMap
    </globals>
  </mainStore>
</generatedTop>
